[
["Doubanjiang", "Doubanjiang (豆瓣酱), the soul of Sichuan cuisine, is also known as broad bean paste. Real Szechuan doubanjiang is full of flavor after long time of fermentation."],
["Dou-chi", "Dou-chi (豆豉) is also known as fermented black beans."],
["Sichuan peppercorn powder", "It is another important seasoning that highlights the dish. In almost every Szechuan style restaurants, they sprinkle freshly grounded Szechuan peppercorn powder before serving."],
["Garlic greens", "Garlic greens is the tender plant of garlic. It is fresh, bright and with a hint of garlicky flavor."],
["Peking sauce", "Peking sauce which can be used to make Peking style shredded pork, serve as a dip for peking duck or Chinese spring pancakes. The peking sauce served in restaurant usually is using the oil from roasted peking duck, which has a light reddish brown."],
["Corn starch", "Corn starch is the starch derived from corn (maize) grain."],
["Pancetta", "Pancetta is a salumi made of pork belly meat that is salt cured"],
["Parmigiano-Reggiano", "Parmigiano-Reggiano or Parmesan is an Italian hard, granular cheese that is produced from cow's milk and has aged 12–36 months."],
["Nutmeg", "Nutmeg is the seed or ground spice of several species of the genus Myristica."],
["Gruyere", "Gruyereis a hard yellow Swiss cheese that originated in the cantons of Fribourg, Vaud, Neuchâtel, Jura, and Berne in Switzerland."],
["Canola oil", "Canola oil is a vegetable oil derived from a variety of rapeseed that is low in erucic acid, as opposed to colza oil."]
]
